[demos.wpexpand.com/html/eElectronics/index.html]
[backblue.gif]
[fade.gif]
[index.html]
[maxcdn.bootstrapcdn.com/font-awesome/4.3.0/css/font-awesome.min.css]
[maxcdn.bootstrapcdn.com/bootstrap/3.2.0/css/bootstrap.min.css]
[demos.wpexpand.com/html/eElectronics/style.css]
[demos.wpexpand.com/html/eElectronics/css/responsive.css]
[demos.wpexpand.com/html/eElectronics/cart.html]
[demos.wpexpand.com/html/eElectronics/checkout.html]
[demos.wpexpand.com/html/eElectronics/index-2.html]
[demos.wpexpand.com/html/eElectronics/shop.html]
[demos.wpexpand.com/html/eElectronics/single-product.html]
[demos.wpexpand.com/html/eElectronics/img/product-1.jpg]
[demos.wpexpand.com/html/eElectronics/img/product-2.jpg]
[demos.wpexpand.com/html/eElectronics/img/product-3.jpg]
[demos.wpexpand.com/html/eElectronics/img/product-4.jpg]
[demos.wpexpand.com/html/eElectronics/img/product-5.jpg]
[demos.wpexpand.com/html/eElectronics/img/product-6.jpg]
[demos.wpexpand.com/html/eElectronics/img/services_logo__1.jpg]
[demos.wpexpand.com/html/eElectronics/img/services_logo__2.jpg]
[demos.wpexpand.com/html/eElectronics/img/services_logo__3.jpg]
[demos.wpexpand.com/html/eElectronics/img/services_logo__4.jpg]
[demos.wpexpand.com/html/eElectronics/img/product-thumb-1.jpg]
[demos.wpexpand.com/html/eElectronics/img/product-thumb-2.jpg]
[demos.wpexpand.com/html/eElectronics/img/product-thumb-3.jpg]
[demos.wpexpand.com/html/eElectronics/img/product-thumb-4.jpg]
[code.jquery.com/jquery.min.js]
[maxcdn.bootstrapcdn.com/bootstrap/3.2.0/js/bootstrap.min.js]
[demos.wpexpand.com/html/eElectronics/js/owl.carousel.min.js]
[demos.wpexpand.com/html/eElectronics/js/jquery.sticky.js]
[demos.wpexpand.com/html/eElectronics/js/jquery.easing.1.3.min.js]
[demos.wpexpand.com/html/eElectronics/index.html]
[maxcdn.bootstrapcdn.com/bootstrap/3.2.0/css/bootstrap.min.css]
[maxcdn.bootstrapcdn.com/font-awesome/4.3.0/css/font-awesome.min.css]
[demos.wpexpand.com/html/eElectronics/js/main.js]
[demos.wpexpand.com/html/eElectronics/css/owl.carousel.css]
[demos.wpexpand.com/html/eElectronics/img/slide-1.jpg]
[demos.wpexpand.com/html/eElectronics/img/slide-2.jpg]
[demos.wpexpand.com/html/eElectronics/img/slide-3.jpg]
[demos.wpexpand.com/html/eElectronics/img/crossword.png]
[demos.wpexpand.com/html/eElectronics/style.css]
[demos.wpexpand.com/html/eElectronics/css/responsive.css]
[demos.wpexpand.com/html/eElectronics/cart.html]
[www.paypalobjects.com/webstatic/mktg/Logo/AM_mc_vs_ms_ae_UK.png]
[demos.wpexpand.com/html/eElectronics/checkout.html]
[demos.wpexpand.com/html/eElectronics/index-2.html]
[demos.wpexpand.com/html/eElectronics/shop.html]
[demos.wpexpand.com/html/eElectronics/single-product.html]
[demos.wpexpand.com/html/eElectronics/js/owl.carousel.min.js]
[demos.wpexpand.com/html/eElectronics/js/jquery.sticky.js]
[demos.wpexpand.com/html/eElectronics/js/jquery.easing.1.3.min.js]
[demos.wpexpand.com/html/eElectronics/js/main.js]
[demos.wpexpand.com/html/eElectronics/css/owl.carousel.css]
[demos.wpexpand.com/html/eElectronics/css/owl.video.play.html]
[demos.wpexpand.com/html/eElectronics/css/style.html]
[demos.wpexpand.com/html/eElectronics/css/js/jquery-1.9.1.min.html]
[demos.wpexpand.com/html/eElectronics/css/images/purchase.html]
[apis.google.com/js/plusone.js]
[demos.wpexpand.com/html/eElectronics/css/owl.video.play.html]
[demos.wpexpand.com/html/eElectronics/css/style.html]
[demos.wpexpand.com/html/eElectronics/css/js/style.html]
[demos.wpexpand.com/html/eElectronics/css/js/js/jquery-1.9.1.min.html]
[demos.wpexpand.com/html/eElectronics/css/js/images/logo.html]
[demos.wpexpand.com/html/eElectronics/css/js/images/purchase.html]
[demos.wpexpand.com/html/eElectronics/css/js/jquery-1.9.1.min.html]
[demos.wpexpand.com/html/eElectronics/css/js/images/cross.html]
[demos.wpexpand.com/html/eElectronics/css/images/logo.png]
[demos.wpexpand.com/html/eElectronics/css/images/style.html]
[demos.wpexpand.com/html/eElectronics/css/images/js/jquery-1.9.1.min.html]
[demos.wpexpand.com/html/eElectronics/css/images/images/logo.html]
[demos.wpexpand.com/html/eElectronics/css/images/images/purchase.html]
[demos.wpexpand.com/html/eElectronics/css/images/purchase.html]
[demos.wpexpand.com/html/eElectronics/css/js/style.html]
[demos.wpexpand.com/html/eElectronics/css/images/images/cross.html]
[demos.wpexpand.com/html/eElectronics/css/images/cross.png]
[demos.wpexpand.com/html/eElectronics/css/js/js/style.html]
[demos.wpexpand.com/html/eElectronics/css/js/js/js/jquery-1.9.1.min.html]
[demos.wpexpand.com/html/eElectronics/css/js/js/images/logo.html]
[demos.wpexpand.com/html/eElectronics/css/js/js/images/purchase.html]
[demos.wpexpand.com/html/eElectronics/css/js/js/jquery-1.9.1.min.html]
[demos.wpexpand.com/html/eElectronics/css/js/js/images/cross.html]
[demos.wpexpand.com/html/eElectronics/css/js/images/js/jquery-1.9.1.min.html]
[demos.wpexpand.com/html/eElectronics/css/js/images/images/logo.html]
[demos.wpexpand.com/html/eElectronics/css/js/images/style.html]
[demos.wpexpand.com/html/eElectronics/css/js/images/images/purchase.html]
[demos.wpexpand.com/html/eElectronics/css/js/images/logo.html]
[demos.wpexpand.com/html/eElectronics/css/js/images/purchase.html]
[demos.wpexpand.com/html/eElectronics/css/js/images/cross.html]
[demos.wpexpand.com/html/eElectronics/css/images/logo.png]
[demos.wpexpand.com/html/eElectronics/css/images/style.html]
[demos.wpexpand.com/html/eElectronics/css/js/images/images/cross.html]
[demos.wpexpand.com/html/eElectronics/css/images/js/style.html]
[demos.wpexpand.com/html/eElectronics/css/images/js/js/jquery-1.9.1.min.html]
[demos.wpexpand.com/html/eElectronics/css/images/js/images/logo.html]
[demos.wpexpand.com/html/eElectronics/css/images/js/images/purchase.html]
[demos.wpexpand.com/html/eElectronics/css/images/js/jquery-1.9.1.min.html]
[demos.wpexpand.com/html/eElectronics/css/images/js/images/cross.html]
[demos.wpexpand.com/html/eElectronics/css/images/images/style.html]
[demos.wpexpand.com/html/eElectronics/css/images/images/images/logo.html]
[demos.wpexpand.com/html/eElectronics/css/images/images/js/jquery-1.9.1.min.html]
[demos.wpexpand.com/html/eElectronics/css/images/images/images/purchase.html]
[demos.wpexpand.com/html/eElectronics/css/images/images/logo.html]
[demos.wpexpand.com/html/eElectronics/css/images/images/purchase.html]
[demos.wpexpand.com/html/eElectronics/css/images/images/cross.html]
[demos.wpexpand.com/html/eElectronics/css/images/cross.png]
[demos.wpexpand.com/html/eElectronics/css/js/js/style.html]
[demos.wpexpand.com/html/eElectronics/css/images/images/images/cross.html]
[demos.wpexpand.com/html/eElectronics/css/js/js/js/style.html]
[demos.wpexpand.com/html/eElectronics/css/js/js/js/js/jquery-1.9.1.min.html]
[demos.wpexpand.com/html/eElectronics/css/js/js/js/images/logo.html]
[demos.wpexpand.com/html/eElectronics/css/js/js/js/images/purchase.html]
[demos.wpexpand.com/html/eElectronics/css/js/js/js/jquery-1.9.1.min.html]
[demos.wpexpand.com/html/eElectronics/css/js/js/js/images/cross.html]
[demos.wpexpand.com/html/eElectronics/css/js/js/images/style.html]
[demos.wpexpand.com/html/eElectronics/css/js/js/images/js/jquery-1.9.1.min.html]
[demos.wpexpand.com/html/eElectronics/css/js/js/images/images/logo.html]
[demos.wpexpand.com/html/eElectronics/css/js/js/images/images/purchase.html]
[demos.wpexpand.com/html/eElectronics/css/js/js/images/logo.html]
[demos.wpexpand.com/html/eElectronics/css/js/js/images/purchase.html]
[demos.wpexpand.com/html/eElectronics/css/js/js/images/cross.html]
[demos.wpexpand.com/html/eElectronics/css/js/images/style.html]
[demos.wpexpand.com/html/eElectronics/css/js/js/images/images/cross.html]
[demos.wpexpand.com/html/eElectronics/css/js/images/js/style.html]
[demos.wpexpand.com/html/eElectronics/css/js/images/js/js/jquery-1.9.1.min.html]
[demos.wpexpand.com/html/eElectronics/css/js/images/js/images/logo.html]
[demos.wpexpand.com/html/eElectronics/css/js/images/js/images/purchase.html]
[demos.wpexpand.com/html/eElectronics/css/js/images/js/jquery-1.9.1.min.html]
[demos.wpexpand.com/html/eElectronics/css/js/images/js/images/cross.html]
[demos.wpexpand.com/html/eElectronics/css/js/images/images/style.html]
[demos.wpexpand.com/html/eElectronics/css/js/images/images/js/jquery-1.9.1.min.html]
[demos.wpexpand.com/html/eElectronics/css/js/images/images/images/logo.html]
[demos.wpexpand.com/html/eElectronics/css/js/images/images/images/purchase.html]
[demos.wpexpand.com/html/eElectronics/css/js/images/images/logo.html]
[demos.wpexpand.com/html/eElectronics/css/js/images/images/purchase.html]
[demos.wpexpand.com/html/eElectronics/css/js/images/images/cross.html]
[demos.wpexpand.com/html/eElectronics/css/images/js/style.html]
[demos.wpexpand.com/html/eElectronics/css/js/images/images/images/cross.html]
[demos.wpexpand.com/html/eElectronics/css/images/js/js/style.html]
[demos.wpexpand.com/html/eElectronics/css/images/js/js/js/jquery-1.9.1.min.html]
[demos.wpexpand.com/html/eElectronics/css/images/js/js/images/logo.html]
[demos.wpexpand.com/html/eElectronics/css/images/js/js/images/purchase.html]
[demos.wpexpand.com/html/eElectronics/css/images/js/js/jquery-1.9.1.min.html]
[demos.wpexpand.com/html/eElectronics/css/images/js/js/images/cross.html]
[demos.wpexpand.com/html/eElectronics/css/images/js/images/style.html]
[demos.wpexpand.com/html/eElectronics/css/images/js/images/js/jquery-1.9.1.min.html]
[demos.wpexpand.com/html/eElectronics/css/images/js/images/images/logo.html]
[demos.wpexpand.com/html/eElectronics/css/images/js/images/images/purchase.html]
[demos.wpexpand.com/html/eElectronics/css/images/js/images/logo.html]
[demos.wpexpand.com/html/eElectronics/css/images/js/images/purchase.html]
[demos.wpexpand.com/html/eElectronics/css/images/js/images/cross.html]
[demos.wpexpand.com/html/eElectronics/css/images/images/style.html]
[demos.wpexpand.com/html/eElectronics/css/images/js/images/images/cross.html]
[demos.wpexpand.com/html/eElectronics/css/images/images/js/style.html]
[demos.wpexpand.com/html/eElectronics/css/images/images/js/js/jquery-1.9.1.min.html]
[demos.wpexpand.com/html/eElectronics/css/images/images/js/images/logo.html]
[demos.wpexpand.com/html/eElectronics/css/images/images/js/images/purchase.html]
[demos.wpexpand.com/html/eElectronics/css/images/images/js/jquery-1.9.1.min.html]
[demos.wpexpand.com/html/eElectronics/css/images/images/js/images/cross.html]
[demos.wpexpand.com/html/eElectronics/css/images/images/images/style.html]
[demos.wpexpand.com/html/eElectronics/css/images/images/images/js/jquery-1.9.1.min.html]
[demos.wpexpand.com/html/eElectronics/css/images/images/images/images/logo.html]
[demos.wpexpand.com/html/eElectronics/css/images/images/images/images/purchase.html]
[demos.wpexpand.com/html/eElectronics/css/images/images/images/logo.html]
[demos.wpexpand.com/html/eElectronics/css/images/images/images/purchase.html]
[demos.wpexpand.com/html/eElectronics/css/images/images/images/cross.html]
[demos.wpexpand.com/html/eElectronics/css/js/js/js/style.html]
[demos.wpexpand.com/html/eElectronics/css/images/images/images/images/cross.html]
[demos.wpexpand.com/html/eElectronics/css/js/js/js/js/style.html]
[demos.wpexpand.com/html/eElectronics/css/js/js/js/js/js/jquery-1.9.1.min.html]
[demos.wpexpand.com/html/eElectronics/css/js/js/js/js/images/logo.html]
[demos.wpexpand.com/html/eElectronics/css/js/js/js/js/jquery-1.9.1.min.html]
[demos.wpexpand.com/html/eElectronics/css/js/js/js/js/images/cross.html]
[demos.wpexpand.com/html/eElectronics/css/js/js/js/js/images/purchase.html]
[demos.wpexpand.com/html/eElectronics/css/js/js/js/images/style.html]
[demos.wpexpand.com/html/eElectronics/css/js/js/js/images/js/jquery-1.9.1.min.html]
[demos.wpexpand.com/html/eElectronics/css/js/js/js/images/images/logo.html]
[demos.wpexpand.com/html/eElectronics/css/js/js/js/images/images/purchase.html]
[demos.wpexpand.com/html/eElectronics/css/js/js/js/images/logo.html]
[demos.wpexpand.com/html/eElectronics/css/js/js/js/images/purchase.html]
[demos.wpexpand.com/html/eElectronics/css/js/js/js/images/cross.html]
[demos.wpexpand.com/html/eElectronics/css/js/js/images/style.html]
[demos.wpexpand.com/html/eElectronics/css/js/js/js/images/images/cross.html]
[demos.wpexpand.com/html/eElectronics/css/js/js/images/js/style.html]
[demos.wpexpand.com/html/eElectronics/css/js/js/images/js/js/jquery-1.9.1.min.html]
[demos.wpexpand.com/html/eElectronics/css/js/js/images/js/images/logo.html]
[demos.wpexpand.com/html/eElectronics/css/js/js/images/js/images/purchase.html]
[demos.wpexpand.com/html/eElectronics/css/js/js/images/js/jquery-1.9.1.min.html]
[demos.wpexpand.com/html/eElectronics/css/js/js/images/js/images/cross.html]
[demos.wpexpand.com/html/eElectronics/css/js/js/images/images/style.html]
[demos.wpexpand.com/html/eElectronics/css/js/js/images/images/js/jquery-1.9.1.min.html]
[demos.wpexpand.com/html/eElectronics/css/js/js/images/images/images/logo.html]
[demos.wpexpand.com/html/eElectronics/css/js/js/images/images/images/purchase.html]
[demos.wpexpand.com/html/eElectronics/css/js/js/images/images/logo.html]
[demos.wpexpand.com/html/eElectronics/css/js/js/images/images/purchase.html]
[demos.wpexpand.com/html/eElectronics/css/js/js/images/images/cross.html]
[demos.wpexpand.com/html/eElectronics/css/js/images/js/style.html]
[demos.wpexpand.com/html/eElectronics/css/js/js/images/images/images/cross.html]
[demos.wpexpand.com/html/eElectronics/css/js/images/js/js/style.html]
[demos.wpexpand.com/html/eElectronics/css/js/images/js/js/js/jquery-1.9.1.min.html]
[demos.wpexpand.com/html/eElectronics/css/js/images/js/js/images/logo.html]
[demos.wpexpand.com/html/eElectronics/css/js/images/js/js/images/purchase.html]
[demos.wpexpand.com/html/eElectronics/css/js/images/js/js/jquery-1.9.1.min.html]
[demos.wpexpand.com/html/eElectronics/css/js/images/js/js/images/cross.html]
[demos.wpexpand.com/html/eElectronics/css/js/images/js/images/style.html]
[demos.wpexpand.com/html/eElectronics/css/js/images/js/images/js/jquery-1.9.1.min.html]
[demos.wpexpand.com/html/eElectronics/css/js/images/js/images/images/logo.html]
[demos.wpexpand.com/html/eElectronics/css/js/images/js/images/images/purchase.html]
[demos.wpexpand.com/html/eElectronics/css/js/images/js/images/logo.html]
[demos.wpexpand.com/html/eElectronics/css/js/images/js/images/purchase.html]
[demos.wpexpand.com/html/eElectronics/css/js/images/js/images/cross.html]
[demos.wpexpand.com/html/eElectronics/css/js/images/images/style.html]
[demos.wpexpand.com/html/eElectronics/css/js/images/js/images/images/cross.html]
[demos.wpexpand.com/html/eElectronics/css/js/images/images/js/style.html]
[demos.wpexpand.com/html/eElectronics/css/js/images/images/js/js/jquery-1.9.1.min.html]
[demos.wpexpand.com/html/eElectronics/css/js/images/images/js/images/logo.html]
[demos.wpexpand.com/html/eElectronics/css/js/images/images/js/images/purchase.html]
[demos.wpexpand.com/html/eElectronics/css/js/images/images/js/jquery-1.9.1.min.html]
[demos.wpexpand.com/html/eElectronics/css/js/images/images/js/images/cross.html]
[demos.wpexpand.com/html/eElectronics/css/js/images/images/images/style.html]
[demos.wpexpand.com/html/eElectronics/css/js/images/images/images/js/jquery-1.9.1.min.html]
[demos.wpexpand.com/html/eElectronics/css/js/images/images/images/images/logo.html]
[demos.wpexpand.com/html/eElectronics/css/js/images/images/images/images/purchase.html]
[demos.wpexpand.com/html/eElectronics/css/js/images/images/images/logo.html]
[demos.wpexpand.com/html/eElectronics/css/js/images/images/images/purchase.html]
[demos.wpexpand.com/html/eElectronics/css/js/images/images/images/cross.html]
[demos.wpexpand.com/html/eElectronics/css/images/js/js/style.html]
[demos.wpexpand.com/html/eElectronics/css/js/images/images/images/images/cross.html]
[demos.wpexpand.com/html/eElectronics/css/images/js/js/js/style.html]
[demos.wpexpand.com/html/eElectronics/css/images/js/js/js/js/jquery-1.9.1.min.html]
[demos.wpexpand.com/html/eElectronics/css/images/js/js/js/images/logo.html]
[demos.wpexpand.com/html/eElectronics/css/images/js/js/js/images/purchase.html]
[demos.wpexpand.com/html/eElectronics/css/images/js/js/js/jquery-1.9.1.min.html]
[demos.wpexpand.com/html/eElectronics/css/images/js/js/js/images/cross.html]
[demos.wpexpand.com/html/eElectronics/css/images/js/js/images/style.html]
[demos.wpexpand.com/html/eElectronics/css/images/js/js/images/js/jquery-1.9.1.min.html]
[demos.wpexpand.com/html/eElectronics/css/images/js/js/images/images/logo.html]
[demos.wpexpand.com/html/eElectronics/css/images/js/js/images/images/purchase.html]
[demos.wpexpand.com/html/eElectronics/css/images/js/js/images/logo.html]
[demos.wpexpand.com/html/eElectronics/css/images/js/js/images/purchase.html]
[demos.wpexpand.com/html/eElectronics/css/images/js/js/images/cross.html]
[demos.wpexpand.com/html/eElectronics/css/images/js/images/style.html]
[demos.wpexpand.com/html/eElectronics/css/images/js/js/images/images/cross.html]
[demos.wpexpand.com/html/eElectronics/css/images/js/images/js/style.html]
[demos.wpexpand.com/html/eElectronics/css/images/js/images/js/js/jquery-1.9.1.min.html]
[demos.wpexpand.com/html/eElectronics/css/images/js/images/js/images/logo.html]
[demos.wpexpand.com/html/eElectronics/css/images/js/images/js/images/purchase.html]
[demos.wpexpand.com/html/eElectronics/css/images/js/images/js/jquery-1.9.1.min.html]
[demos.wpexpand.com/html/eElectronics/css/images/js/images/js/images/cross.html]
[demos.wpexpand.com/html/eElectronics/css/images/js/images/images/style.html]
[demos.wpexpand.com/html/eElectronics/css/images/js/images/images/js/jquery-1.9.1.min.html]
[demos.wpexpand.com/html/eElectronics/css/images/js/images/images/images/logo.html]
[demos.wpexpand.com/html/eElectronics/css/images/js/images/images/images/purchase.html]
[demos.wpexpand.com/html/eElectronics/css/images/js/images/images/logo.html]
[demos.wpexpand.com/html/eElectronics/css/images/js/images/images/purchase.html]
[demos.wpexpand.com/html/eElectronics/css/images/js/images/images/cross.html]
[demos.wpexpand.com/html/eElectronics/css/images/images/js/style.html]
[demos.wpexpand.com/html/eElectronics/css/images/js/images/images/images/cross.html]
[demos.wpexpand.com/html/eElectronics/css/images/images/js/js/style.html]
[demos.wpexpand.com/html/eElectronics/css/images/images/js/js/js/jquery-1.9.1.min.html]
[demos.wpexpand.com/html/eElectronics/css/images/images/js/js/images/logo.html]
[demos.wpexpand.com/html/eElectronics/css/images/images/js/js/jquery-1.9.1.min.html]
[demos.wpexpand.com/html/eElectronics/css/images/images/js/js/images/purchase.html]
[demos.wpexpand.com/html/eElectronics/css/images/images/js/js/images/cross.html]
[demos.wpexpand.com/html/eElectronics/css/images/images/js/images/js/jquery-1.9.1.min.html]
[demos.wpexpand.com/html/eElectronics/css/images/images/js/images/images/logo.html]
[demos.wpexpand.com/html/eElectronics/css/images/images/js/images/images/purchase.html]
[demos.wpexpand.com/html/eElectronics/css/images/images/js/images/logo.html]
[demos.wpexpand.com/html/eElectronics/css/images/images/js/images/purchase.html]
[demos.wpexpand.com/html/eElectronics/css/images/images/js/images/cross.html]
[demos.wpexpand.com/html/eElectronics/css/images/images/images/style.html]
[demos.wpexpand.com/html/eElectronics/css/images/images/js/images/images/cross.html]
[demos.wpexpand.com/html/eElectronics/css/images/images/images/js/style.html]
[demos.wpexpand.com/html/eElectronics/css/images/images/images/js/js/jquery-1.9.1.min.html]
[demos.wpexpand.com/html/eElectronics/css/images/images/images/js/images/logo.html]
[demos.wpexpand.com/html/eElectronics/css/images/images/images/js/images/purchase.html]
[demos.wpexpand.com/html/eElectronics/css/images/images/images/js/jquery-1.9.1.min.html]
[demos.wpexpand.com/html/eElectronics/css/images/images/images/js/images/cross.html]
[demos.wpexpand.com/html/eElectronics/css/images/images/images/images/style.html]
[demos.wpexpand.com/html/eElectronics/css/images/images/images/images/js/jquery-1.9.1.min.html]
[demos.wpexpand.com/html/eElectronics/css/images/images/images/images/images/logo.html]
[demos.wpexpand.com/html/eElectronics/css/images/images/images/images/images/purchase.html]
[demos.wpexpand.com/html/eElectronics/css/images/images/images/images/logo.html]
[demos.wpexpand.com/html/eElectronics/css/images/images/images/images/purchase.html]
[demos.wpexpand.com/html/eElectronics/css/images/images/images/images/cross.html]
[demos.wpexpand.com/html/eElectronics/css/js/js/js/js/style.html]
[demos.wpexpand.com/html/eElectronics/css/images/images/images/images/images/cross.html]
[demos.wpexpand.com/html/eElectronics/css/js/js/js/js/js/style.html]
[demos.wpexpand.com/html/eElectronics/css/js/js/js/js/js/js/jquery-1.9.1.min.html]
[demos.wpexpand.com/html/eElectronics/css/js/js/js/js/js/images/logo.html]
[demos.wpexpand.com/html/eElectronics/css/js/js/js/js/js/images/purchase.html]
[demos.wpexpand.com/html/eElectronics/css/js/js/js/js/js/jquery-1.9.1.min.html]
[demos.wpexpand.com/html/eElectronics/css/js/js/js/js/js/images/cross.html]
[demos.wpexpand.com/html/eElectronics/css/js/js/js/js/images/style.html]
[demos.wpexpand.com/html/eElectronics/css/js/js/js/js/images/js/jquery-1.9.1.min.html]
[demos.wpexpand.com/html/eElectronics/css/js/js/js/js/images/images/logo.html]
[demos.wpexpand.com/html/eElectronics/css/js/js/js/js/images/images/purchase.html]
[demos.wpexpand.com/html/eElectronics/css/js/js/js/js/images/logo.html]
[demos.wpexpand.com/html/eElectronics/css/js/js/js/js/images/purchase.html]
[demos.wpexpand.com/html/eElectronics/css/js/js/js/js/images/cross.html]
[demos.wpexpand.com/html/eElectronics/css/js/js/js/images/style.html]
[demos.wpexpand.com/html/eElectronics/css/js/js/js/js/images/images/cross.html]
[demos.wpexpand.com/html/eElectronics/css/js/js/js/images/js/style.html]
[demos.wpexpand.com/html/eElectronics/css/js/js/js/images/js/js/jquery-1.9.1.min.html]
[demos.wpexpand.com/html/eElectronics/css/js/js/js/images/js/images/logo.html]
[demos.wpexpand.com/html/eElectronics/css/js/js/js/images/js/images/purchase.html]
[demos.wpexpand.com/html/eElectronics/css/js/js/js/images/js/jquery-1.9.1.min.html]
[demos.wpexpand.com/html/eElectronics/css/js/js/js/images/js/images/cross.html]
[demos.wpexpand.com/html/eElectronics/css/js/js/js/images/images/style.html]
[demos.wpexpand.com/html/eElectronics/css/js/js/js/images/images/js/jquery-1.9.1.min.html]
[demos.wpexpand.com/html/eElectronics/css/js/js/js/images/images/images/logo.html]
[demos.wpexpand.com/html/eElectronics/css/js/js/js/images/images/images/purchase.html]
[demos.wpexpand.com/html/eElectronics/css/js/js/js/images/images/logo.html]
[demos.wpexpand.com/html/eElectronics/css/js/js/js/images/images/purchase.html]
[demos.wpexpand.com/html/eElectronics/css/js/js/js/images/images/cross.html]
[demos.wpexpand.com/html/eElectronics/css/js/js/images/js/style.html]
[demos.wpexpand.com/html/eElectronics/css/js/js/js/images/images/images/cross.html]
[demos.wpexpand.com/html/eElectronics/css/js/js/images/js/js/style.html]
[demos.wpexpand.com/html/eElectronics/css/js/js/images/js/js/js/jquery-1.9.1.min.html]
[demos.wpexpand.com/html/eElectronics/css/js/js/images/js/js/images/logo.html]
[demos.wpexpand.com/html/eElectronics/css/js/js/images/js/js/images/purchase.html]
[demos.wpexpand.com/html/eElectronics/css/js/js/images/js/js/jquery-1.9.1.min.html]
[demos.wpexpand.com/html/eElectronics/css/js/js/images/js/js/images/cross.html]
[demos.wpexpand.com/html/eElectronics/css/js/js/images/js/images/style.html]
[demos.wpexpand.com/html/eElectronics/css/js/js/images/js/images/js/jquery-1.9.1.min.html]
[demos.wpexpand.com/html/eElectronics/css/js/js/images/js/images/images/logo.html]
[demos.wpexpand.com/html/eElectronics/css/js/js/images/js/images/images/purchase.html]
[demos.wpexpand.com/html/eElectronics/css/js/js/images/js/images/logo.html]
[demos.wpexpand.com/html/eElectronics/css/js/js/images/js/images/purchase.html]
[demos.wpexpand.com/html/eElectronics/css/js/js/images/js/images/cross.html]
[demos.wpexpand.com/html/eElectronics/css/js/js/images/images/style.html]
[demos.wpexpand.com/html/eElectronics/css/js/js/images/js/images/images/cross.html]
[demos.wpexpand.com/html/eElectronics/css/js/js/images/images/js/style.html]
[demos.wpexpand.com/html/eElectronics/css/js/js/images/images/js/js/jquery-1.9.1.min.html]
[demos.wpexpand.com/html/eElectronics/css/js/js/images/images/js/images/logo.html]
[demos.wpexpand.com/html/eElectronics/css/js/js/images/images/js/images/purchase.html]
[demos.wpexpand.com/html/eElectronics/css/js/js/images/images/js/jquery-1.9.1.min.html]
[demos.wpexpand.com/html/eElectronics/css/js/js/images/images/js/images/cross.html]
[demos.wpexpand.com/html/eElectronics/css/js/js/images/images/images/style.html]
[demos.wpexpand.com/html/eElectronics/css/js/js/images/images/images/js/jquery-1.9.1.min.html]
[demos.wpexpand.com/html/eElectronics/css/js/js/images/images/images/images/logo.html]
[demos.wpexpand.com/html/eElectronics/css/js/js/images/images/images/images/purchase.html]
[demos.wpexpand.com/html/eElectronics/css/js/js/images/images/images/logo.html]
[demos.wpexpand.com/html/eElectronics/css/js/js/images/images/images/purchase.html]
[demos.wpexpand.com/html/eElectronics/css/js/js/images/images/images/cross.html]
[demos.wpexpand.com/html/eElectronics/css/js/images/js/js/style.html]
[demos.wpexpand.com/html/eElectronics/css/js/js/images/images/images/images/cross.html]
[demos.wpexpand.com/html/eElectronics/css/js/images/js/js/js/style.html]
[demos.wpexpand.com/html/eElectronics/css/js/images/js/js/js/js/jquery-1.9.1.min.html]
[demos.wpexpand.com/html/eElectronics/css/js/images/js/js/js/images/logo.html]
[demos.wpexpand.com/html/eElectronics/css/js/images/js/js/js/images/purchase.html]
[demos.wpexpand.com/html/eElectronics/css/js/images/js/js/js/jquery-1.9.1.min.html]
[demos.wpexpand.com/html/eElectronics/css/js/images/js/js/js/images/cross.html]
[demos.wpexpand.com/html/eElectronics/css/js/images/js/js/images/style.html]
[demos.wpexpand.com/html/eElectronics/css/js/images/js/js/images/js/jquery-1.9.1.min.html]
[demos.wpexpand.com/html/eElectronics/css/js/images/js/js/images/images/logo.html]
[demos.wpexpand.com/html/eElectronics/css/js/images/js/js/images/images/purchase.html]
[demos.wpexpand.com/html/eElectronics/css/js/images/js/js/images/logo.html]
[demos.wpexpand.com/html/eElectronics/css/js/images/js/js/images/purchase.html]
[demos.wpexpand.com/html/eElectronics/css/js/images/js/js/images/cross.html]
[demos.wpexpand.com/html/eElectronics/css/js/images/js/images/style.html]
[demos.wpexpand.com/html/eElectronics/css/js/images/js/js/images/images/cross.html]
[demos.wpexpand.com/html/eElectronics/css/js/images/js/images/js/style.html]
[demos.wpexpand.com/html/eElectronics/css/js/images/js/images/js/js/jquery-1.9.1.min.html]
[demos.wpexpand.com/html/eElectronics/css/js/images/js/images/js/images/logo.html]
[demos.wpexpand.com/html/eElectronics/css/js/images/js/images/js/images/purchase.html]
[demos.wpexpand.com/html/eElectronics/css/js/images/js/images/js/jquery-1.9.1.min.html]
[demos.wpexpand.com/html/eElectronics/css/js/images/js/images/js/images/cross.html]
[demos.wpexpand.com/html/eElectronics/css/js/images/js/images/images/style.html]
[demos.wpexpand.com/html/eElectronics/css/js/images/js/images/images/js/jquery-1.9.1.min.html]
[demos.wpexpand.com/html/eElectronics/css/js/images/js/images/images/images/logo.html]
[demos.wpexpand.com/html/eElectronics/css/js/images/js/images/images/images/purchase.html]
[demos.wpexpand.com/html/eElectronics/css/js/images/js/images/images/logo.html]
[demos.wpexpand.com/html/eElectronics/css/js/images/js/images/images/purchase.html]
[demos.wpexpand.com/html/eElectronics/css/js/images/js/images/images/cross.html]
[demos.wpexpand.com/html/eElectronics/css/js/images/images/js/style.html]
[demos.wpexpand.com/html/eElectronics/css/js/images/js/images/images/images/cross.html]
[demos.wpexpand.com/html/eElectronics/css/js/images/images/js/js/style.html]
[demos.wpexpand.com/html/eElectronics/css/js/images/images/js/js/js/jquery-1.9.1.min.html]
[demos.wpexpand.com/html/eElectronics/css/js/images/images/js/js/images/logo.html]
[demos.wpexpand.com/html/eElectronics/css/js/images/images/js/js/images/purchase.html]
[demos.wpexpand.com/html/eElectronics/css/js/images/images/js/js/jquery-1.9.1.min.html]
[demos.wpexpand.com/html/eElectronics/css/js/images/images/js/js/images/cross.html]
[demos.wpexpand.com/html/eElectronics/css/js/images/images/js/images/style.html]
[demos.wpexpand.com/html/eElectronics/css/js/images/images/js/images/js/jquery-1.9.1.min.html]
[demos.wpexpand.com/html/eElectronics/css/js/images/images/js/images/images/logo.html]
[demos.wpexpand.com/html/eElectronics/css/js/images/images/js/images/images/purchase.html]
[demos.wpexpand.com/html/eElectronics/css/js/images/images/js/images/logo.html]
[demos.wpexpand.com/html/eElectronics/css/js/images/images/js/images/purchase.html]
[demos.wpexpand.com/html/eElectronics/css/js/images/images/js/images/cross.html]
[demos.wpexpand.com/html/eElectronics/css/js/images/images/images/style.html]
[demos.wpexpand.com/html/eElectronics/css/js/images/images/js/images/images/cross.html]
[demos.wpexpand.com/html/eElectronics/css/js/images/images/images/js/style.html]
[demos.wpexpand.com/html/eElectronics/css/js/images/images/images/js/js/jquery-1.9.1.min.html]
[demos.wpexpand.com/html/eElectronics/css/js/images/images/images/js/images/logo.html]
[demos.wpexpand.com/html/eElectronics/css/js/images/images/images/js/images/purchase.html]
[demos.wpexpand.com/html/eElectronics/css/js/images/images/images/js/jquery-1.9.1.min.html]
[demos.wpexpand.com/html/eElectronics/css/js/images/images/images/js/images/cross.html]
[demos.wpexpand.com/html/eElectronics/css/js/images/images/images/images/style.html]
[demos.wpexpand.com/html/eElectronics/css/js/images/images/images/images/js/jquery-1.9.1.min.html]
[demos.wpexpand.com/html/eElectronics/css/js/images/images/images/images/images/logo.html]
[demos.wpexpand.com/html/eElectronics/css/js/images/images/images/images/images/purchase.html]
[demos.wpexpand.com/html/eElectronics/css/js/images/images/images/images/logo.html]
[demos.wpexpand.com/html/eElectronics/css/js/images/images/images/images/purchase.html]
[demos.wpexpand.com/html/eElectronics/css/js/images/images/images/images/cross.html]
[demos.wpexpand.com/html/eElectronics/css/images/js/js/js/style.html]
[demos.wpexpand.com/html/eElectronics/css/js/images/images/images/images/images/cross.html]
[demos.wpexpand.com/html/eElectronics/css/images/js/js/js/js/style.html]
[demos.wpexpand.com/html/eElectronics/css/images/js/js/js/js/js/jquery-1.9.1.min.html]
[demos.wpexpand.com/html/eElectronics/css/images/js/js/js/js/images/logo.html]
[demos.wpexpand.com/html/eElectronics/css/images/js/js/js/js/images/purchase.html]
[demos.wpexpand.com/html/eElectronics/css/images/js/js/js/js/jquery-1.9.1.min.html]
[demos.wpexpand.com/html/eElectronics/css/images/js/js/js/js/images/cross.html]
[demos.wpexpand.com/html/eElectronics/css/images/js/js/js/images/style.html]
[demos.wpexpand.com/html/eElectronics/css/images/js/js/js/images/js/jquery-1.9.1.min.html]
[demos.wpexpand.com/html/eElectronics/css/images/js/js/js/images/images/logo.html]
[demos.wpexpand.com/html/eElectronics/css/images/js/js/js/images/images/purchase.html]
[demos.wpexpand.com/html/eElectronics/css/images/js/js/js/images/logo.html]
[demos.wpexpand.com/html/eElectronics/css/images/js/js/js/images/purchase.html]
[demos.wpexpand.com/html/eElectronics/css/images/js/js/js/images/cross.html]
[demos.wpexpand.com/html/eElectronics/css/images/js/js/images/style.html]
[demos.wpexpand.com/html/eElectronics/css/images/js/js/js/images/images/cross.html]
[demos.wpexpand.com/html/eElectronics/css/images/js/js/images/js/style.html]
[demos.wpexpand.com/html/eElectronics/css/images/js/js/images/js/js/jquery-1.9.1.min.html]
[demos.wpexpand.com/html/eElectronics/css/images/js/js/images/js/images/logo.html]
[demos.wpexpand.com/html/eElectronics/css/images/js/js/images/js/images/purchase.html]
[demos.wpexpand.com/html/eElectronics/css/images/js/js/images/js/jquery-1.9.1.min.html]
[demos.wpexpand.com/html/eElectronics/css/images/js/js/images/js/images/cross.html]
[demos.wpexpand.com/html/eElectronics/css/images/js/js/images/images/style.html]
[demos.wpexpand.com/html/eElectronics/css/images/js/js/images/images/js/jquery-1.9.1.min.html]
[demos.wpexpand.com/html/eElectronics/css/images/js/js/images/images/images/logo.html]
[demos.wpexpand.com/html/eElectronics/css/images/js/js/images/images/images/purchase.html]
[demos.wpexpand.com/html/eElectronics/css/images/js/js/images/images/logo.html]
[demos.wpexpand.com/html/eElectronics/css/images/js/js/images/images/purchase.html]
[demos.wpexpand.com/html/eElectronics/css/images/js/js/images/images/cross.html]
[demos.wpexpand.com/html/eElectronics/css/images/js/images/js/style.html]
[demos.wpexpand.com/html/eElectronics/css/images/js/js/images/images/images/cross.html]
[demos.wpexpand.com/html/eElectronics/css/images/js/images/js/js/style.html]
[demos.wpexpand.com/html/eElectronics/css/images/js/images/js/js/js/jquery-1.9.1.min.html]
[demos.wpexpand.com/html/eElectronics/css/images/js/images/js/js/images/purchase.html]
[demos.wpexpand.com/html/eElectronics/css/images/js/images/js/js/images/logo.html]
[demos.wpexpand.com/html/eElectronics/css/images/js/images/js/js/jquery-1.9.1.min.html]
[demos.wpexpand.com/html/eElectronics/css/images/js/images/js/js/images/cross.html]
[demos.wpexpand.com/html/eElectronics/css/images/js/images/js/images/style.html]
[demos.wpexpand.com/html/eElectronics/css/images/js/images/js/images/js/jquery-1.9.1.min.html]
[demos.wpexpand.com/html/eElectronics/css/images/js/images/js/images/images/logo.html]
[demos.wpexpand.com/html/eElectronics/css/images/js/images/js/images/images/purchase.html]
[demos.wpexpand.com/html/eElectronics/css/images/js/images/js/images/logo.html]
[demos.wpexpand.com/html/eElectronics/css/images/js/images/js/images/purchase.html]
[demos.wpexpand.com/html/eElectronics/css/images/js/images/js/images/cross.html]
[demos.wpexpand.com/html/eElectronics/css/images/js/images/images/style.html]
[demos.wpexpand.com/html/eElectronics/css/images/js/images/js/images/images/cross.html]
[demos.wpexpand.com/html/eElectronics/css/images/js/images/images/js/style.html]
[demos.wpexpand.com/html/eElectronics/css/images/js/images/images/js/js/jquery-1.9.1.min.html]
[demos.wpexpand.com/html/eElectronics/css/images/js/images/images/js/images/logo.html]
[demos.wpexpand.com/html/eElectronics/css/images/js/images/images/js/images/purchase.html]
[demos.wpexpand.com/html/eElectronics/css/images/js/images/images/js/jquery-1.9.1.min.html]
[demos.wpexpand.com/html/eElectronics/css/images/js/images/images/js/images/cross.html]
[demos.wpexpand.com/html/eElectronics/css/images/js/images/images/images/style.html]
[demos.wpexpand.com/html/eElectronics/css/images/js/images/images/images/js/jquery-1.9.1.min.html]
[demos.wpexpand.com/html/eElectronics/css/images/js/images/images/images/images/logo.html]
[demos.wpexpand.com/html/eElectronics/css/images/js/images/images/images/images/purchase.html]
[demos.wpexpand.com/html/eElectronics/css/images/js/images/images/images/logo.html]
[demos.wpexpand.com/html/eElectronics/css/images/js/images/images/images/purchase.html]
[demos.wpexpand.com/html/eElectronics/css/images/js/images/images/images/cross.html]
[demos.wpexpand.com/html/eElectronics/css/images/images/js/js/style.html]
[demos.wpexpand.com/html/eElectronics/css/images/js/images/images/images/images/cross.html]
[demos.wpexpand.com/html/eElectronics/css/images/images/js/js/js/style.html]
[demos.wpexpand.com/html/eElectronics/css/images/images/js/js/js/js/jquery-1.9.1.min.html]
[demos.wpexpand.com/html/eElectronics/css/images/images/js/js/js/images/logo.html]
[demos.wpexpand.com/html/eElectronics/css/images/images/js/js/js/images/purchase.html]
[demos.wpexpand.com/html/eElectronics/css/images/images/js/js/js/jquery-1.9.1.min.html]
[demos.wpexpand.com/html/eElectronics/css/images/images/js/js/js/images/cross.html]
[demos.wpexpand.com/html/eElectronics/css/images/images/js/js/images/style.html]
[demos.wpexpand.com/html/eElectronics/css/images/images/js/js/images/js/jquery-1.9.1.min.html]
[demos.wpexpand.com/html/eElectronics/css/images/images/js/js/images/images/logo.html]
[demos.wpexpand.com/html/eElectronics/css/images/images/js/js/images/images/purchase.html]
[demos.wpexpand.com/html/eElectronics/css/images/images/js/js/images/logo.html]
[demos.wpexpand.com/html/eElectronics/css/images/images/js/js/images/purchase.html]
[demos.wpexpand.com/html/eElectronics/css/images/images/js/js/images/cross.html]
[demos.wpexpand.com/html/eElectronics/css/images/images/js/js/images/images/cross.html]
[demos.wpexpand.com/html/eElectronics/css/images/images/js/images/style.css]
[demos.wpexpand.com/html/eElectronics/css/images/images/js/images/js/style.html]
[demos.wpexpand.com/html/eElectronics/css/images/images/js/images/js/js/jquery-1.9.1.min.html]
[demos.wpexpand.com/html/eElectronics/css/images/images/js/images/js/images/logo.html]
[demos.wpexpand.com/html/eElectronics/css/images/images/js/images/js/images/purchase.html]
[demos.wpexpand.com/html/eElectronics/css/images/images/js/images/js/jquery-1.9.1.min.html]
[demos.wpexpand.com/html/eElectronics/css/images/images/js/images/js/images/cross.html]
[demos.wpexpand.com/html/eElectronics/css/images/images/js/images/images/style.html]
[demos.wpexpand.com/html/eElectronics/css/images/images/js/images/images/js/jquery-1.9.1.min.html]
[demos.wpexpand.com/html/eElectronics/css/images/images/js/images/images/images/logo.html]
[demos.wpexpand.com/html/eElectronics/css/images/images/js/images/images/images/purchase.html]
[demos.wpexpand.com/html/eElectronics/css/images/images/js/images/images/logo.html]
[demos.wpexpand.com/html/eElectronics/css/images/images/js/images/images/purchase.html]
[demos.wpexpand.com/html/eElectronics/css/images/images/js/images/images/cross.html]
[demos.wpexpand.com/html/eElectronics/css/images/images/images/js/style.html]
[demos.wpexpand.com/html/eElectronics/css/images/images/js/images/images/images/cross.html]
[demos.wpexpand.com/html/eElectronics/css/images/images/images/js/js/style.html]
[demos.wpexpand.com/html/eElectronics/css/images/images/images/js/js/js/jquery-1.9.1.min.html]
[demos.wpexpand.com/html/eElectronics/css/images/images/images/js/js/images/logo.html]
[demos.wpexpand.com/html/eElectronics/css/images/images/images/js/js/images/purchase.html]
[demos.wpexpand.com/html/eElectronics/css/images/images/images/js/js/jquery-1.9.1.min.html]
[demos.wpexpand.com/html/eElectronics/css/images/images/images/js/js/images/cross.html]
[demos.wpexpand.com/html/eElectronics/css/images/images/images/js/images/style.html]
[demos.wpexpand.com/html/eElectronics/css/images/images/images/js/images/js/jquery-1.9.1.min.html]
[demos.wpexpand.com/html/eElectronics/css/images/images/images/js/images/images/logo.html]
[demos.wpexpand.com/html/eElectronics/css/images/images/images/js/images/logo.html]
[demos.wpexpand.com/html/eElectronics/css/images/images/images/js/images/purchase.html]
[demos.wpexpand.com/html/eElectronics/css/images/images/images/js/images/cross.html]
[demos.wpexpand.com/html/eElectronics/css/images/images/images/images/style.html]
[demos.wpexpand.com/html/eElectronics/css/images/images/images/js/images/images/cross.html]
[demos.wpexpand.com/html/eElectronics/css/images/images/images/js/images/images/purchase.html]
[demos.wpexpand.com/html/eElectronics/css/images/images/images/images/js/style.html]
[demos.wpexpand.com/html/eElectronics/css/images/images/images/images/js/js/jquery-1.9.1.min.html]
[demos.wpexpand.com/html/eElectronics/css/images/images/images/images/js/images/logo.html]
[demos.wpexpand.com/html/eElectronics/css/images/images/images/images/js/images/purchase.html]
[demos.wpexpand.com/html/eElectronics/css/images/images/images/images/js/jquery-1.9.1.min.html]
[demos.wpexpand.com/html/eElectronics/css/images/images/images/images/js/images/cross.html]
[demos.wpexpand.com/html/eElectronics/css/images/images/images/images/images/style.html]
[demos.wpexpand.com/html/eElectronics/css/images/images/images/images/images/js/jquery-1.9.1.min.html]
[demos.wpexpand.com/html/eElectronics/css/images/images/images/images/images/images/logo.html]
[demos.wpexpand.com/html/eElectronics/css/images/images/images/images/images/images/purchase.html]
[demos.wpexpand.com/html/eElectronics/css/images/images/images/images/images/logo.html]
[demos.wpexpand.com/html/eElectronics/css/images/images/images/images/images/purchase.html]
[demos.wpexpand.com/html/eElectronics/css/images/images/images/images/images/cross.html]
[demos.wpexpand.com/html/eElectronics/css/js/js/js/js/js/style.html]
[demos.wpexpand.com/html/eElectronics/css/images/images/images/images/images/images/cross.html]
[demos.wpexpand.com/html/eElectronics/css/js/js/js/js/js/js/style.html]
[demos.wpexpand.com/html/eElectronics/css/js/js/js/js/js/js/js/jquery-1.9.1.min.html]
[demos.wpexpand.com/html/eElectronics/css/js/js/js/js/js/js/images/logo.html]
[demos.wpexpand.com/html/eElectronics/css/js/js/js/js/js/js/images/purchase.html]
[demos.wpexpand.com/html/eElectronics/css/js/js/js/js/js/js/jquery-1.9.1.min.html]
[demos.wpexpand.com/html/eElectronics/css/js/js/js/js/js/js/images/cross.html]
[demos.wpexpand.com/html/eElectronics/css/js/js/js/js/js/images/style.html]
[demos.wpexpand.com/html/eElectronics/css/js/js/js/js/js/images/js/jquery-1.9.1.min.html]
[demos.wpexpand.com/html/eElectronics/css/js/js/js/js/js/images/images/logo.html]
[demos.wpexpand.com/html/eElectronics/css/js/js/js/js/js/images/images/purchase.html]
[demos.wpexpand.com/html/eElectronics/css/js/js/js/js/js/images/logo.html]
[demos.wpexpand.com/html/eElectronics/css/js/js/js/js/js/images/purchase.html]
[demos.wpexpand.com/html/eElectronics/css/js/js/js/js/js/images/cross.html]
[demos.wpexpand.com/html/eElectronics/css/js/js/js/js/images/style.html]
[demos.wpexpand.com/html/eElectronics/css/js/js/js/js/js/images/images/cross.html]
[demos.wpexpand.com/html/eElectronics/css/js/js/js/js/images/js/style.html]
[demos.wpexpand.com/html/eElectronics/css/js/js/js/js/images/js/js/jquery-1.9.1.min.html]
[demos.wpexpand.com/html/eElectronics/css/js/js/js/js/images/js/images/logo.html]
[demos.wpexpand.com/html/eElectronics/css/js/js/js/js/images/js/images/purchase.html]
[demos.wpexpand.com/html/eElectronics/css/js/js/js/js/images/js/jquery-1.9.1.min.html]
[demos.wpexpand.com/html/eElectronics/css/js/js/js/js/images/js/images/cross.html]
[demos.wpexpand.com/html/eElectronics/css/js/js/js/js/images/images/style.html]
[demos.wpexpand.com/html/eElectronics/css/js/js/js/js/images/images/js/jquery-1.9.1.min.html]
[demos.wpexpand.com/html/eElectronics/css/js/js/js/js/images/images/images/logo.html]
[demos.wpexpand.com/html/eElectronics/css/js/js/js/js/images/images/images/purchase.html]
[demos.wpexpand.com/html/eElectronics/css/js/js/js/js/images/images/logo.html]
[demos.wpexpand.com/html/eElectronics/css/js/js/js/js/images/images/purchase.html]
[demos.wpexpand.com/html/eElectronics/css/js/js/js/js/images/images/cross.html]
[demos.wpexpand.com/html/eElectronics/css/js/js/js/images/js/style.html]
[demos.wpexpand.com/html/eElectronics/css/js/js/js/js/images/images/images/cross.html]
[demos.wpexpand.com/html/eElectronics/css/js/js/js/images/js/js/style.html]
[demos.wpexpand.com/html/eElectronics/css/js/js/js/images/js/js/js/jquery-1.9.1.min.html]
[demos.wpexpand.com/html/eElectronics/css/js/js/js/images/js/js/images/logo.html]
[demos.wpexpand.com/html/eElectronics/css/js/js/js/images/js/js/images/purchase.html]
[demos.wpexpand.com/html/eElectronics/css/js/js/js/images/js/js/jquery-1.9.1.min.html]
[demos.wpexpand.com/html/eElectronics/css/js/js/js/images/js/js/images/cross.html]
[demos.wpexpand.com/html/eElectronics/css/js/js/js/images/js/images/style.html]
[demos.wpexpand.com/html/eElectronics/css/js/js/js/images/js/images/js/jquery-1.9.1.min.html]
[demos.wpexpand.com/html/eElectronics/css/js/js/js/images/js/images/images/logo.html]
[demos.wpexpand.com/html/eElectronics/css/js/js/js/images/js/images/images/purchase.html]
[demos.wpexpand.com/html/eElectronics/css/js/js/js/images/js/images/logo.html]
[demos.wpexpand.com/html/eElectronics/css/js/js/js/images/js/images/purchase.html]
[demos.wpexpand.com/html/eElectronics/css/js/js/js/images/js/images/cross.html]
[demos.wpexpand.com/html/eElectronics/css/js/js/js/images/images/style.html]
[demos.wpexpand.com/html/eElectronics/css/js/js/js/images/js/images/images/cross.html]
[demos.wpexpand.com/html/eElectronics/css/js/js/js/images/images/js/style.html]
[demos.wpexpand.com/html/eElectronics/css/js/js/js/images/images/js/js/jquery-1.9.1.min.html]
[demos.wpexpand.com/html/eElectronics/css/js/js/js/images/images/js/images/logo.html]
[demos.wpexpand.com/html/eElectronics/css/js/js/js/images/images/js/images/purchase.html]
[demos.wpexpand.com/html/eElectronics/css/js/js/js/images/images/js/jquery-1.9.1.min.html]
[demos.wpexpand.com/html/eElectronics/css/js/js/js/images/images/js/images/cross.html]
[demos.wpexpand.com/html/eElectronics/css/js/js/js/images/images/images/style.html]
[demos.wpexpand.com/html/eElectronics/css/js/js/js/images/images/images/js/jquery-1.9.1.min.html]
[demos.wpexpand.com/html/eElectronics/css/js/js/js/images/images/images/images/purchase.html]
[demos.wpexpand.com/html/eElectronics/css/js/js/js/images/images/images/images/logo.html]
[demos.wpexpand.com/html/eElectronics/css/js/js/js/images/images/images/logo.html]
[demos.wpexpand.com/html/eElectronics/css/js/js/js/images/images/images/purchase.html]
[demos.wpexpand.com/html/eElectronics/css/js/js/js/images/images/images/cross.html]
[demos.wpexpand.com/html/eElectronics/css/js/js/images/js/js/style.html]
[demos.wpexpand.com/html/eElectronics/css/js/js/images/js/js/js/style.html]
[demos.wpexpand.com/html/eElectronics/css/js/js/images/js/js/js/js/jquery-1.9.1.min.html]
[demos.wpexpand.com/html/eElectronics/css/js/js/images/js/js/js/images/logo.html]
[demos.wpexpand.com/html/eElectronics/css/js/js/images/js/js/js/images/purchase.html]
[demos.wpexpand.com/html/eElectronics/css/js/js/images/js/js/js/jquery-1.9.1.min.html]
[demos.wpexpand.com/html/eElectronics/css/js/js/images/js/js/js/images/cross.html]
[demos.wpexpand.com/html/eElectronics/css/js/js/images/js/js/images/style.html]
[demos.wpexpand.com/html/eElectronics/css/js/js/images/js/js/images/js/jquery-1.9.1.min.html]
[demos.wpexpand.com/html/eElectronics/css/js/js/images/js/js/images/images/logo.html]
[demos.wpexpand.com/html/eElectronics/css/js/js/images/js/js/images/logo.html]
[demos.wpexpand.com/html/eElectronics/css/js/js/images/js/js/images/purchase.html]
[demos.wpexpand.com/html/eElectronics/css/js/js/images/js/js/images/cross.html]
[demos.wpexpand.com/html/eElectronics/css/js/js/images/js/images/style.html]
[demos.wpexpand.com/html/eElectronics/css/js/js/images/js/js/images/images/purchase.html]
[demos.wpexpand.com/html/eElectronics/css/js/js/images/js/js/images/images/cross.html]
[demos.wpexpand.com/html/eElectronics/css/js/js/images/js/images/js/style.html]
[demos.wpexpand.com/html/eElectronics/css/js/js/images/js/images/js/js/jquery-1.9.1.min.html]
[demos.wpexpand.com/html/eElectronics/css/js/js/images/js/images/js/images/logo.html]
[demos.wpexpand.com/html/eElectronics/css/js/js/images/js/images/js/images/purchase.html]
[demos.wpexpand.com/html/eElectronics/css/js/js/images/js/images/js/jquery-1.9.1.min.html]
[demos.wpexpand.com/html/eElectronics/css/js/js/images/js/images/js/images/cross.html]
[demos.wpexpand.com/html/eElectronics/css/js/js/images/js/images/images/style.html]
[demos.wpexpand.com/html/eElectronics/css/js/js/images/js/images/images/js/jquery-1.9.1.min.html]
[demos.wpexpand.com/html/eElectronics/css/js/js/images/js/images/images/images/logo.html]
[demos.wpexpand.com/html/eElectronics/css/js/js/images/js/images/images/images/purchase.html]
[demos.wpexpand.com/html/eElectronics/css/js/js/images/js/images/images/logo.html]
[demos.wpexpand.com/html/eElectronics/css/js/js/images/js/images/images/purchase.html]
[demos.wpexpand.com/html/eElectronics/css/js/js/images/js/images/images/cross.html]
[demos.wpexpand.com/html/eElectronics/css/js/js/images/images/js/style.html]
[demos.wpexpand.com/html/eElectronics/css/js/js/images/js/images/images/images/cross.html]
[demos.wpexpand.com/html/eElectronics/css/js/js/images/images/js/js/style.html]
[demos.wpexpand.com/html/eElectronics/css/js/js/images/images/js/js/js/jquery-1.9.1.min.html]
[demos.wpexpand.com/html/eElectronics/css/js/js/images/images/js/js/images/logo.html]
[demos.wpexpand.com/html/eElectronics/css/js/js/images/images/js/js/images/purchase.html]
[demos.wpexpand.com/html/eElectronics/css/js/js/images/images/js/js/jquery-1.9.1.min.html]
[demos.wpexpand.com/html/eElectronics/css/js/js/images/images/js/images/style.html]
[demos.wpexpand.com/html/eElectronics/css/js/js/images/images/js/js/images/cross.html]
[demos.wpexpand.com/html/eElectronics/css/js/js/images/images/js/images/images/logo.html]
[demos.wpexpand.com/html/eElectronics/css/js/js/images/images/js/images/images/purchase.html]
[demos.wpexpand.com/html/eElectronics/css/js/js/images/images/js/images/logo.html]
[demos.wpexpand.com/html/eElectronics/css/js/js/images/images/js/images/purchase.html]
[demos.wpexpand.com/html/eElectronics/css/js/js/images/images/js/images/cross.html]
[demos.wpexpand.com/html/eElectronics/css/js/js/images/images/images/style.html]
[demos.wpexpand.com/html/eElectronics/css/js/js/images/images/js/images/images/cross.html]
[demos.wpexpand.com/html/eElectronics/css/js/js/images/images/images/js/style.html]
[demos.wpexpand.com/html/eElectronics/css/js/js/images/images/images/js/js/jquery-1.9.1.min.html]
[demos.wpexpand.com/html/eElectronics/css/js/js/images/images/images/js/images/logo.html]
[demos.wpexpand.com/html/eElectronics/css/js/js/images/images/images/js/images/purchase.html]
[demos.wpexpand.com/html/eElectronics/css/js/js/images/images/images/js/jquery-1.9.1.min.html]
[demos.wpexpand.com/html/eElectronics/css/js/js/images/images/images/js/images/cross.html]
[demos.wpexpand.com/html/eElectronics/css/js/js/images/images/images/images/style.html]
[demos.wpexpand.com/html/eElectronics/css/js/js/images/images/images/images/js/jquery-1.9.1.min.html]
[demos.wpexpand.com/html/eElectronics/css/js/js/images/images/images/images/images/logo.html]
[demos.wpexpand.com/html/eElectronics/css/js/js/images/images/images/images/images/purchase.html]
[demos.wpexpand.com/html/eElectronics/css/js/js/images/images/images/images/logo.html]
[demos.wpexpand.com/html/eElectronics/css/js/js/images/images/images/images/purchase.html]
[demos.wpexpand.com/html/eElectronics/css/js/js/images/images/images/images/cross.html]
[demos.wpexpand.com/html/eElectronics/css/js/images/js/js/js/style.html]
[demos.wpexpand.com/html/eElectronics/css/js/js/images/images/images/images/images/cross.html]
[demos.wpexpand.com/html/eElectronics/css/js/images/js/js/js/js/style.html]
[demos.wpexpand.com/html/eElectronics/css/js/images/js/js/js/js/js/jquery-1.9.1.min.html]
[demos.wpexpand.com/html/eElectronics/css/js/images/js/js/js/js/images/logo.html]
[demos.wpexpand.com/html/eElectronics/css/js/images/js/js/js/js/images/purchase.html]
[demos.wpexpand.com/html/eElectronics/css/js/images/js/js/js/js/jquery-1.9.1.min.html]
[demos.wpexpand.com/html/eElectronics/css/js/images/js/js/js/js/images/cross.html]
[demos.wpexpand.com/html/eElectronics/css/js/images/js/js/js/images/style.html]
[demos.wpexpand.com/html/eElectronics/css/js/images/js/js/js/images/js/jquery-1.9.1.min.html]
[demos.wpexpand.com/html/eElectronics/css/js/images/js/js/js/images/images/logo.html]
[demos.wpexpand.com/html/eElectronics/css/js/images/js/js/js/images/images/purchase.html]
[demos.wpexpand.com/html/eElectronics/css/js/images/js/js/js/images/logo.html]
[demos.wpexpand.com/html/eElectronics/css/js/images/js/js/js/images/purchase.html]
[demos.wpexpand.com/html/eElectronics/css/js/images/js/js/js/images/cross.html]
[demos.wpexpand.com/html/eElectronics/css/js/images/js/js/images/style.html]
[demos.wpexpand.com/html/eElectronics/css/js/images/js/js/js/images/images/cross.html]
[demos.wpexpand.com/html/eElectronics/css/js/images/js/js/images/js/style.html]
[demos.wpexpand.com/html/eElectronics/css/js/images/js/js/images/js/js/jquery-1.9.1.min.html]
[demos.wpexpand.com/html/eElectronics/css/js/images/js/js/images/js/images/logo.html]
[demos.wpexpand.com/html/eElectronics/css/js/images/js/js/images/js/images/purchase.html]
[demos.wpexpand.com/html/eElectronics/css/js/images/js/js/images/js/jquery-1.9.1.min.html]
[demos.wpexpand.com/html/eElectronics/css/js/images/js/js/images/js/images/cross.html]
[demos.wpexpand.com/html/eElectronics/css/js/images/js/js/images/images/style.html]
[demos.wpexpand.com/html/eElectronics/css/js/images/js/js/images/images/js/jquery-1.9.1.min.html]
[demos.wpexpand.com/html/eElectronics/css/js/images/js/js/images/images/images/logo.html]
[demos.wpexpand.com/html/eElectronics/css/js/images/js/js/images/images/images/purchase.html]
[demos.wpexpand.com/html/eElectronics/css/js/images/js/js/images/images/logo.html]
[demos.wpexpand.com/html/eElectronics/css/js/images/js/js/images/images/purchase.html]
[demos.wpexpand.com/html/eElectronics/css/js/images/js/js/images/images/cross.html]
[demos.wpexpand.com/html/eElectronics/css/js/images/js/images/js/style.html]
[demos.wpexpand.com/html/eElectronics/css/js/images/js/images/js/js/style.html]
[demos.wpexpand.com/html/eElectronics/css/js/images/js/js/images/images/images/cross.html]
[demos.wpexpand.com/html/eElectronics/css/js/images/js/images/js/js/jquery-1.9.1.min.html]
[demos.wpexpand.com/html/eElectronics/css/js/images/js/images/js/js/images/cross.html]
[demos.wpexpand.com/html/eElectronics/css/js/images/js/images/js/images/style.html]
[demos.wpexpand.com/html/eElectronics/css/js/images/js/images/js/images/js/jquery-1.9.1.min.html]
[demos.wpexpand.com/html/eElectronics/css/js/images/js/images/js/images/images/logo.html]
[demos.wpexpand.com/html/eElectronics/css/js/images/js/images/js/images/images/purchase.html]
[demos.wpexpand.com/html/eElectronics/css/js/images/js/images/js/images/logo.html]
[demos.wpexpand.com/html/eElectronics/css/js/images/js/images/js/images/purchase.html]
[demos.wpexpand.com/html/eElectronics/css/js/images/js/images/js/images/cross.html]
[demos.wpexpand.com/html/eElectronics/css/js/images/js/images/images/style.html]
[demos.wpexpand.com/html/eElectronics/css/js/images/js/images/js/images/images/cross.html]
[demos.wpexpand.com/html/eElectronics/css/js/images/js/images/images/js/style.html]
[demos.wpexpand.com/html/eElectronics/css/js/images/js/images/images/js/js/jquery-1.9.1.min.html]
[demos.wpexpand.com/html/eElectronics/css/js/images/js/images/images/js/images/logo.html]
[demos.wpexpand.com/html/eElectronics/css/js/images/js/images/images/js/images/purchase.html]
[demos.wpexpand.com/html/eElectronics/css/js/images/js/images/images/js/jquery-1.9.1.min.html]
[demos.wpexpand.com/html/eElectronics/css/js/images/js/images/images/js/images/cross.html]
[demos.wpexpand.com/html/eElectronics/css/js/images/js/images/images/images/style.html]
[demos.wpexpand.com/html/eElectronics/css/js/images/js/images/images/images/js/jquery-1.9.1.min.html]
[demos.wpexpand.com/html/eElectronics/css/js/images/js/images/images/images/images/logo.html]
[demos.wpexpand.com/html/eElectronics/css/js/images/js/images/images/images/images/purchase.html]
[demos.wpexpand.com/html/eElectronics/css/js/images/js/images/images/images/logo.html]
[demos.wpexpand.com/html/eElectronics/css/js/images/js/images/images/images/purchase.html]
[demos.wpexpand.com/html/eElectronics/css/js/images/js/images/images/images/cross.html]
[demos.wpexpand.com/html/eElectronics/css/js/images/images/js/js/style.html]
[demos.wpexpand.com/html/eElectronics/css/js/images/js/images/images/images/images/cross.html]
[demos.wpexpand.com/html/eElectronics/css/js/images/images/js/js/js/style.html]
[demos.wpexpand.com/html/eElectronics/css/js/images/images/js/js/js/js/jquery-1.9.1.min.html]
[demos.wpexpand.com/html/eElectronics/css/js/images/images/js/js/js/images/logo.html]
[demos.wpexpand.com/html/eElectronics/css/js/images/images/js/js/js/images/purchase.html]
[demos.wpexpand.com/html/eElectronics/css/js/images/images/js/js/js/jquery-1.9.1.min.html]
[demos.wpexpand.com/html/eElectronics/css/js/images/images/js/js/js/images/cross.html]
[demos.wpexpand.com/html/eElectronics/css/js/images/images/js/js/images/style.html]
[demos.wpexpand.com/html/eElectronics/css/js/images/images/js/js/images/js/jquery-1.9.1.min.html]
[demos.wpexpand.com/html/eElectronics/css/js/images/images/js/js/images/images/logo.html]
[demos.wpexpand.com/html/eElectronics/css/js/images/images/js/js/images/images/purchase.html]
[demos.wpexpand.com/html/eElectronics/css/js/images/images/js/js/images/logo.html]
[demos.wpexpand.com/html/eElectronics/css/js/images/images/js/js/images/purchase.html]
[demos.wpexpand.com/html/eElectronics/css/js/images/images/js/js/images/cross.html]
[demos.wpexpand.com/html/eElectronics/css/js/images/images/js/images/style.html]
[demos.wpexpand.com/html/eElectronics/css/js/images/images/js/js/images/images/cross.html]
[demos.wpexpand.com/html/eElectronics/css/js/images/images/js/images/js/style.html]
[demos.wpexpand.com/html/eElectronics/css/js/images/images/js/images/js/js/jquery-1.9.1.min.html]
[demos.wpexpand.com/html/eElectronics/css/js/images/images/js/images/js/images/logo.html]
[demos.wpexpand.com/html/eElectronics/css/js/images/images/js/images/js/images/purchase.html]
[demos.wpexpand.com/html/eElectronics/css/js/images/images/js/images/js/jquery-1.9.1.min.html]
[demos.wpexpand.com/html/eElectronics/css/js/images/images/js/images/js/images/cross.html]
[demos.wpexpand.com/html/eElectronics/css/js/images/images/js/images/images/style.html]
[demos.wpexpand.com/html/eElectronics/css/js/images/images/js/images/images/js/jquery-1.9.1.min.html]
[demos.wpexpand.com/html/eElectronics/css/js/images/images/js/images/images/images/logo.html]
[demos.wpexpand.com/html/eElectronics/css/js/images/images/js/images/images/images/purchase.html]
[demos.wpexpand.com/html/eElectronics/css/js/images/images/js/images/images/logo.html]
[demos.wpexpand.com/html/eElectronics/css/js/images/images/js/images/images/purchase.html]
[demos.wpexpand.com/html/eElectronics/css/js/images/images/js/images/images/cross.html]
[demos.wpexpand.com/html/eElectronics/css/js/images/images/images/js/style.html]
[demos.wpexpand.com/html/eElectronics/css/js/images/images/js/images/images/images/cross.html]
[demos.wpexpand.com/html/eElectronics/css/js/images/images/images/js/js/style.html]
[demos.wpexpand.com/html/eElectronics/css/js/images/images/images/js/js/js/jquery-1.9.1.min.html]
[demos.wpexpand.com/html/eElectronics/css/js/images/images/images/js/js/images/logo.html]
[demos.wpexpand.com/html/eElectronics/css/js/images/images/images/js/js/images/purchase.html]
[demos.wpexpand.com/html/eElectronics/css/js/images/images/images/js/js/jquery-1.9.1.min.html]
[demos.wpexpand.com/html/eElectronics/css/js/images/images/images/js/js/images/cross.html]
[demos.wpexpand.com/html/eElectronics/css/js/images/images/images/js/images/style.html]
[demos.wpexpand.com/html/eElectronics/css/js/images/images/images/js/images/js/jquery-1.9.1.min.html]
[demos.wpexpand.com/html/eElectronics/css/js/images/images/images/js/images/images/logo.html]
[demos.wpexpand.com/html/eElectronics/css/js/images/images/images/js/images/images/purchase.html]
[demos.wpexpand.com/html/eElectronics/css/js/images/images/images/js/images/logo.html]
[demos.wpexpand.com/html/eElectronics/css/js/images/images/images/js/images/purchase.html]
[demos.wpexpand.com/html/eElectronics/css/js/images/images/images/js/images/cross.html]
[demos.wpexpand.com/html/eElectronics/css/js/images/images/images/images/style.html]
[demos.wpexpand.com/html/eElectronics/css/js/images/images/images/js/images/images/cross.html]
[demos.wpexpand.com/html/eElectronics/css/js/images/images/images/images/js/style.html]
[demos.wpexpand.com/html/eElectronics/css/js/images/images/images/images/js/js/jquery-1.9.1.min.html]
[demos.wpexpand.com/html/eElectronics/css/js/images/images/images/images/js/images/logo.html]
[demos.wpexpand.com/html/eElectronics/css/js/images/images/images/images/js/images/purchase.html]
[demos.wpexpand.com/html/eElectronics/css/js/images/images/images/images/js/jquery-1.9.1.min.html]
[demos.wpexpand.com/html/eElectronics/css/js/images/images/images/images/js/images/cross.html]
[demos.wpexpand.com/html/eElectronics/css/js/images/images/images/images/images/style.html]
[demos.wpexpand.com/html/eElectronics/css/js/images/images/images/images/images/js/jquery-1.9.1.min.html]
[demos.wpexpand.com/html/eElectronics/css/js/images/images/images/images/images/images/logo.html]
[demos.wpexpand.com/html/eElectronics/css/js/images/images/images/images/images/images/purchase.html]
[demos.wpexpand.com/html/eElectronics/css/js/images/images/images/images/images/logo.html]
[demos.wpexpand.com/html/eElectronics/css/js/images/images/images/images/images/purchase.html]
[demos.wpexpand.com/html/eElectronics/css/js/images/images/images/images/images/cross.html]
[demos.wpexpand.com/html/eElectronics/css/images/js/js/js/js/style.html]
[demos.wpexpand.com/html/eElectronics/css/js/images/images/images/images/images/images/cross.html]
[demos.wpexpand.com/html/eElectronics/css/images/js/js/js/js/js/style.html]
[demos.wpexpand.com/html/eElectronics/css/images/js/js/js/js/js/js/jquery-1.9.1.min.html]
[demos.wpexpand.com/html/eElectronics/css/images/js/js/js/js/js/images/logo.html]
[demos.wpexpand.com/html/eElectronics/css/images/js/js/js/js/js/images/purchase.html]
[demos.wpexpand.com/html/eElectronics/css/images/js/js/js/js/js/jquery-1.9.1.min.html]
[demos.wpexpand.com/html/eElectronics/css/images/js/js/js/js/js/images/cross.html]
[demos.wpexpand.com/html/eElectronics/css/images/js/js/js/js/images/style.html]
[demos.wpexpand.com/html/eElectronics/css/images/js/js/js/js/images/js/jquery-1.9.1.min.html]
[demos.wpexpand.com/html/eElectronics/css/images/js/js/js/js/images/images/logo.html]
[demos.wpexpand.com/html/eElectronics/css/images/js/js/js/js/images/images/purchase.html]
[demos.wpexpand.com/html/eElectronics/css/images/js/js/js/js/images/logo.html]
[demos.wpexpand.com/html/eElectronics/css/images/js/js/js/js/images/purchase.html]
[demos.wpexpand.com/html/eElectronics/css/images/js/js/js/js/images/cross.html]
[demos.wpexpand.com/html/eElectronics/css/images/js/js/js/images/style.html]
[demos.wpexpand.com/html/eElectronics/css/images/js/js/js/js/images/images/cross.html]
[demos.wpexpand.com/html/eElectronics/css/images/js/js/js/images/js/style.html]
[demos.wpexpand.com/html/eElectronics/css/images/js/js/js/images/js/js/jquery-1.9.1.min.html]
[demos.wpexpand.com/html/eElectronics/css/images/js/js/js/images/js/images/logo.html]
[demos.wpexpand.com/html/eElectronics/css/images/js/js/js/images/js/images/purchase.html]
[demos.wpexpand.com/html/eElectronics/css/images/js/js/js/images/js/jquery-1.9.1.min.html]
[demos.wpexpand.com/html/eElectronics/css/images/js/js/js/images/js/images/cross.html]
[demos.wpexpand.com/html/eElectronics/css/images/js/js/js/images/images/style.html]
[demos.wpexpand.com/html/eElectronics/css/images/js/js/js/images/images/js/jquery-1.9.1.min.html]
[demos.wpexpand.com/html/eElectronics/css/images/js/js/js/images/images/images/logo.html]
[demos.wpexpand.com/html/eElectronics/css/images/js/js/js/images/images/images/purchase.html]
[demos.wpexpand.com/html/eElectronics/css/images/js/js/js/images/images/logo.html]
[demos.wpexpand.com/html/eElectronics/css/images/js/js/js/images/images/purchase.html]
[demos.wpexpand.com/html/eElectronics/css/images/js/js/js/images/images/cross.html]
[demos.wpexpand.com/html/eElectronics/css/images/js/js/images/js/style.html]
[demos.wpexpand.com/html/eElectronics/css/images/js/js/js/images/images/images/cross.html]
[demos.wpexpand.com/html/eElectronics/css/images/js/js/images/js/js/style.html]
[demos.wpexpand.com/html/eElectronics/css/images/js/js/images/js/js/js/jquery-1.9.1.min.html]
[demos.wpexpand.com/html/eElectronics/css/images/js/js/images/js/js/images/logo.html]
[demos.wpexpand.com/html/eElectronics/css/images/js/js/images/js/js/images/purchase.html]
[demos.wpexpand.com/html/eElectronics/css/images/js/js/images/js/js/jquery-1.9.1.min.html]
[demos.wpexpand.com/html/eElectronics/css/images/js/js/images/js/js/images/cross.html]
[demos.wpexpand.com/html/eElectronics/css/images/js/js/images/js/images/style.html]
[demos.wpexpand.com/html/eElectronics/css/images/js/js/images/js/images/js/jquery-1.9.1.min.html]
[demos.wpexpand.com/html/eElectronics/css/images/js/js/images/js/images/images/logo.html]
[demos.wpexpand.com/html/eElectronics/css/images/js/js/images/js/images/images/purchase.html]
[demos.wpexpand.com/html/eElectronics/css/images/js/js/images/js/images/logo.html]
[demos.wpexpand.com/html/eElectronics/css/images/js/js/images/js/images/purchase.html]
[demos.wpexpand.com/html/eElectronics/css/images/js/js/images/js/images/cross.html]
[demos.wpexpand.com/html/eElectronics/css/images/js/js/images/images/style.html]
[demos.wpexpand.com/html/eElectronics/css/images/js/js/images/js/images/images/cross.html]
[demos.wpexpand.com/html/eElectronics/css/images/js/js/images/images/js/style.html]
[demos.wpexpand.com/html/eElectronics/css/images/js/js/images/images/js/js/jquery-1.9.1.min.html]
[demos.wpexpand.com/html/eElectronics/css/images/js/js/images/images/js/images/logo.html]
[demos.wpexpand.com/html/eElectronics/css/images/js/js/images/images/js/images/purchase.html]
[demos.wpexpand.com/html/eElectronics/css/images/js/js/images/images/js/jquery-1.9.1.min.html]
[demos.wpexpand.com/html/eElectronics/css/images/js/js/images/images/js/images/cross.html]
[demos.wpexpand.com/html/eElectronics/css/images/js/js/images/images/images/style.html]
[demos.wpexpand.com/html/eElectronics/css/images/js/js/images/images/images/js/jquery-1.9.1.min.html]
[demos.wpexpand.com/html/eElectronics/css/images/js/js/images/images/images/images/logo.html]
[demos.wpexpand.com/html/eElectronics/css/images/js/js/images/images/images/images/purchase.html]
[demos.wpexpand.com/html/eElectronics/css/images/js/js/images/images/images/logo.html]
[demos.wpexpand.com/html/eElectronics/css/images/js/js/images/images/images/purchase.html]
[demos.wpexpand.com/html/eElectronics/css/images/js/js/images/images/images/cross.html]
[demos.wpexpand.com/html/eElectronics/css/images/js/images/js/js/style.html]
[demos.wpexpand.com/html/eElectronics/css/images/js/js/images/images/images/images/cross.html]
[demos.wpexpand.com/html/eElectronics/css/images/js/images/js/js/js/style.html]
[demos.wpexpand.com/html/eElectronics/css/images/js/images/js/js/js/js/jquery-1.9.1.min.html]
[demos.wpexpand.com/html/eElectronics/css/images/js/images/js/js/js/images/logo.html]
[demos.wpexpand.com/html/eElectronics/css/images/js/images/js/js/js/images/purchase.html]
[demos.wpexpand.com/html/eElectronics/css/images/js/images/js/js/js/jquery-1.9.1.min.html]
[demos.wpexpand.com/html/eElectronics/css/images/js/images/js/js/js/images/cross.html]
[demos.wpexpand.com/html/eElectronics/css/images/js/images/js/js/images/style.html]
[demos.wpexpand.com/html/eElectronics/css/images/js/images/js/js/images/js/jquery-1.9.1.min.html]
[demos.wpexpand.com/html/eElectronics/css/images/js/images/js/js/images/images/logo.html]
[demos.wpexpand.com/html/eElectronics/css/images/js/images/js/js/images/images/purchase.html]
[demos.wpexpand.com/html/eElectronics/css/images/js/images/js/js/images/logo.html]
[demos.wpexpand.com/html/eElectronics/css/images/js/images/js/js/images/purchase.html]
[demos.wpexpand.com/html/eElectronics/css/images/js/images/js/js/images/cross.html]
[demos.wpexpand.com/html/eElectronics/css/images/js/images/js/images/style.html]
[demos.wpexpand.com/html/eElectronics/css/images/js/images/js/js/images/images/cross.html]
[demos.wpexpand.com/html/eElectronics/css/images/js/images/js/images/js/style.html]
[demos.wpexpand.com/html/eElectronics/css/images/js/images/js/images/js/js/jquery-1.9.1.min.html]
[demos.wpexpand.com/html/eElectronics/css/images/js/images/js/images/js/images/logo.html]
[demos.wpexpand.com/html/eElectronics/css/images/js/images/js/images/js/images/purchase.html]
[demos.wpexpand.com/html/eElectronics/css/images/js/images/js/images/js/jquery-1.9.1.min.html]
[demos.wpexpand.com/html/eElectronics/css/images/js/images/js/images/js/images/cross.html]
[demos.wpexpand.com/html/eElectronics/css/images/js/images/js/images/images/style.html]
[demos.wpexpand.com/html/eElectronics/css/images/js/images/js/images/images/js/jquery-1.9.1.min.html]
[demos.wpexpand.com/html/eElectronics/css/images/js/images/js/images/images/images/logo.html]
[demos.wpexpand.com/html/eElectronics/css/images/js/images/js/images/images/images/purchase.html]
[demos.wpexpand.com/html/eElectronics/css/images/js/images/js/images/images/logo.html]
[demos.wpexpand.com/html/eElectronics/css/images/js/images/js/images/images/purchase.html]
[demos.wpexpand.com/html/eElectronics/css/images/js/images/js/images/images/cross.html]
[demos.wpexpand.com/html/eElectronics/css/images/js/images/images/js/style.html]
[demos.wpexpand.com/html/eElectronics/css/images/js/images/js/images/images/images/cross.html]
[demos.wpexpand.com/html/eElectronics/css/images/js/images/images/js/js/style.html]
[demos.wpexpand.com/html/eElectronics/css/images/js/images/images/js/js/js/jquery-1.9.1.min.html]
[demos.wpexpand.com/html/eElectronics/css/images/js/images/images/js/js/images/logo.html]
[demos.wpexpand.com/html/eElectronics/css/images/js/images/images/js/js/images/purchase.html]
[demos.wpexpand.com/html/eElectronics/css/images/js/images/images/js/js/jquery-1.9.1.min.html]
[demos.wpexpand.com/html/eElectronics/css/images/js/images/images/js/js/images/cross.html]
[demos.wpexpand.com/html/eElectronics/css/images/js/images/images/js/images/style.html]
[demos.wpexpand.com/html/eElectronics/css/images/js/images/images/js/images/js/jquery-1.9.1.min.html]
[demos.wpexpand.com/html/eElectronics/css/images/js/images/images/js/images/images/logo.html]
[demos.wpexpand.com/html/eElectronics/css/images/js/images/images/js/images/images/purchase.html]
[demos.wpexpand.com/html/eElectronics/css/images/js/images/images/js/images/logo.html]
[demos.wpexpand.com/html/eElectronics/css/images/js/images/images/js/images/purchase.html]
[demos.wpexpand.com/html/eElectronics/css/images/js/images/images/js/images/cross.html]
[demos.wpexpand.com/html/eElectronics/css/images/js/images/images/images/style.html]
[demos.wpexpand.com/html/eElectronics/css/images/js/images/images/js/images/images/cross.html]
[demos.wpexpand.com/html/eElectronics/css/images/js/images/images/images/js/style.html]
[demos.wpexpand.com/html/eElectronics/css/images/js/images/images/images/js/js/jquery-1.9.1.min.html]
[demos.wpexpand.com/html/eElectronics/css/images/js/images/images/images/js/images/logo.html]
[demos.wpexpand.com/html/eElectronics/css/images/js/images/images/images/js/images/purchase.html]
[demos.wpexpand.com/html/eElectronics/css/images/js/images/images/images/js/jquery-1.9.1.min.html]
[demos.wpexpand.com/html/eElectronics/css/images/js/images/images/images/js/images/cross.html]
[demos.wpexpand.com/html/eElectronics/css/images/js/images/images/images/images/style.html]
[demos.wpexpand.com/html/eElectronics/css/images/js/images/images/images/images/js/jquery-1.9.1.min.html]
[demos.wpexpand.com/html/eElectronics/css/images/js/images/images/images/images/images/logo.html]
